<title>Golden Report</title>
<p class="eyebrow">LASI / STATIC ENGINEERING REVIEW</p>
<h2 id="summary-heading">Executive Summary</h2>
<h2 id="current_decision-heading">Current Decision</h2>
<h2 id="dataset_summary-heading">Dataset Summary</h2>
<h2 id="dataset_characterization-heading">Dataset Characterization</h2>
<h2 id="experiment_summary-heading">Experiment Summary</h2>
<h2 id="model_comparison-heading">Model Comparison</h2>
<h2 id="performance_gap_diagnosis-heading">Performance Gap Diagnosis</h2>
<h2 id="learning_curves-heading">Learning Curves</h2>
<h2 id="error_analysis-heading">Error Analysis</h2>
<h2 id="cluster_or_latent_analysis-heading">Latent or Cluster Analysis</h2>
<h2 id="scientist_review-heading">Scientist Review</h2>
<h2 id="decision_record-heading">Decision Record</h2>
<h2 id="knowledge_context-heading">Knowledge Context</h2>
<h2 id="recommendation-heading">Recommendation and Next Action</h2>
<h2 id="project_outcome-heading">Project Outcome</h2>
<h2 id="appendix-heading">Appendix</h2>
<h2 id="provenance-heading">Report Provenance</h2>
<code>db://report-1</code>
<code>mlflow://run-1</code>
